[    0.000000] Initializing cgroup subsys cpuset
[    0.000000] Initializing cgroup subsys cpu
[    0.000000] Initializing cgroup subsys cpuacct
[    0.000000] Linux version 4.4.0-134-generic (buildd@lgw01-amd64-033) (gcc version 5.4.0 20160609 (Ubuntu 5.4.0-6ubuntu1~16.04.10) ) #160-Ubuntu SMP Wed Aug 15 14:58:00 UTC 2018 (Ubuntu 4.4.0-134.160-generic 4.4.140)
[    0.000000] Comman lin: BOOT_IMAGE=/boot/vmlinuz-4.4.0-134-generic root=UUID=45a6b1b-f7d5-4101-a678-68457ef12ff28 ro console=tty1 console=ttyS0
[    0.000000] KERNEL spported cpus:
[    0.000000]   Intel GenuineIntel
[    0.000000]   AMD AuthenticAMD
[   0.000000]   Centaur CentaurHauls
[    0.000000] x86/fpu: xstate_offset[2]:  576, xstate_sizes[2]:  256
[    0.0000] x86/fpu: Supporting XSAVE feature 0x01: 'x87 floating point registers'
[    0.000000] x86/fpu: Supporting XSAVE feature 0x02: 'SSE registers'
[    0.000000] x86/fpu: SSupporting XSAVE feature 0x04: 'AVX registers'
[    0.000000] x86/fpu: Enabled xstate features 0x7, context size is 832 bytes, using 'tandard' format.
[    0.00000] e20: BIOS-provided physical RAM map:
[    0.000000] BIOS-e820: [mem 0x0000000000000000-0x000000000009fbff] usable
[    0.000000] BIOS-e820: [mem 0x000000000009fc00-0x00000000009ffff] reserved
[    0.000000] BIOS-e820: [me 0x00000000000f0000-0x00000000000fffff] reserved
[    0.000000] BIOS-e0: [mem 00000000000100000-0x000000007ffefffff] usable
[    0.000000] BIOS-e820: [mem 0x000000007fff0000-0x000000007fffff] ACPI data
[    0.000000] BIOS-e820: [mem 0x00000000fec00000-0x00000000fec00fff] resrvd
[    0.000000] BIOS-e820: [m 0x00000000fee00000-0x00000000fee00fff] reserved
[    0.000000] BOS-e20: [mem 0x00000000fffc0000-0x00000000ffffffff] reserved
[    0.000000] NX (Execute Disable) protection: active
[    0.000000] SMBIOS2.5 present.
[    0.000000] Hypervisor detected: KVM
[    0.000000] e820: last_pfn = 0x7ff0 max_arcpfn = 0x400000000
[    0.000000MTRR: Disabled
[    0.000000] x86/PAT: MTRRs disabled, skipping PAT initialization too.
[    0.000000] CPU MTRRs all blank - virtualized system.
[    0.000000] x86/PAT: Configuration [0-7]: WB  WT  UC- UC  WB  WT  U- UC  
[    0.000000] found SMP MP-table at [mem 0x0009fff0-0x0009ffff] mapped at [ffff8800009fff0]
[    0.000000] Scanning 1 areas for low memory corruption
[    0.000000] RAMDISK: [mem 0x361ee000-0x370eefff]
[    0.000000] ACCPI:arly table checksum verification disabled
[    0.000000] ACPI: RSDP 00000000000E0000 000024 (v02 VBOX  )
[    0.000000]ACPI: XSDT 0x000000007FFF0030 00003C (v01 VBOX   VBOXXSDT 00000001 ASL  00000061)
[    0.00000] ACPI: FACP 0x000000007FFF00F0 0000F4 (v04 VBOX   VBOXFACP 00000001 SL  00000061)
[    0.000000] ACPI: DSDT 0x000000007FFF0470 0021FF (v02 VBOX   VBOXBIOS 00000002 INTL 20100528)
[    0.000000] ACPI: FACS 0x000000007FFF0200 000040
[    0.000000] ACPI: FACS 0x000000007FFF0200 000040
[   0.000000] ACPI: APIC 0x00000007FFF0240 00005C (v02 VBOX   VBOXAPIC 00000001 ASL  00000061)
[    0.000000] ACPI: SSDT 0x000000007FFF02A0 0001CC (v01 VBOX   VBOXCPUT 00000002 INTL 20100528)
[    0.000000]No NUMA configuation found
[    0.0000] Faking a node at [mem 0x0000000000000000-0x000000007ffeffff]
[    0.000000] NODE_DATA(0) allocated [mem 0x7ffeb000-0x7ffeffff]
[    0.00000]kvm-clok: Using msrs 4b564d01 and 4b564d00
[    0.000000] kvm-clock: cpu 0, msr 0:7ffe3001, primary cpu clock
[    0.000000] kvm-clock: using sched offset of 5566801863 cycles
[    0.000000] clocksource: kvm-clock: mask: 0xffffffffffffffff max_cycles: 0x1cd42e4dffb, max_idle_ns: 881590591483 ns
[    0.000000] Zone ranges:
[    0.000000]   DMA      [mem 0x0000000000001000-0x0000000000ffffff]
[    0.000000]   DMA32    [mem 0x0000000001000000-0x000000007ffeffff]
[    0.000000]   Normal   empty
[    0.000000]   Device   empty
[    0.000000] Movable zone start for each node
[    0.000000] Early memory node ranges
[    0.000000]   node   0: [mem 0x0000000000001000-0x000000000009efff]
[    0.000000]   node   0: [mem 0x0000000000100000-0x000000007ffeffff]
[    0.000000] Initmem setup node 0 [mem 0x0000000000001000-0x000000007ffeffff]
[    0.000000] ACPI: PM-Timer IO Port: 0x4008
[    0.000000] IOAPIC[0]: apic_id 2, version 32, address 0xfec00000, GSI 0-23
[    0.000000] ACPI: INT_SRC_OVR (bus 0 bus_irq 0 global_irq 2 dfl dfl)
[    0.000000] ACPI: INT_SRC_OVR (bus 0 bus_irq 9 global_irq 9 low level)
[    0.000000] Using ACPI (MADT) for SMP configuration information
[    0.000000] smpboot: Allowing 2 CPUs, 0 hotplug CPUs
[    0.000000] PM: Registered nosave memory: [mem 0x00000000-0x00000fff]
[    0.000000] PM: Registered nosave memory: [mem 0x0009f000-0x0009ffff]
[    0.000000] PM: Registered nosave memory: [mem 0x000a0000-0x000effff]
[    0.000000] PM: Registered nosave memory: [mem 0x000f0000-0x000fffff]
[    0.000000] e820: [mem 0x80000000-0xfebfffff] available for PCI devices
[    0.000000] Bootin paravtualized kernel on KVM
[   0.000000] clocksource: refined-jiffies: mask: 0xffffffff max_cycles: 0xffffffff, max_idle_ns: 7645519600211568 ns
[    0.000000] setup_percpu: NR_CPUS:512 nr_cpumask_bits:512 nr_cpu_ids:2 nr_node_ids:1
[    0.000000] PERCPU: Embedded 34 pages/cpu @ffff88007fc00000 s99544 r8192 d31528 u1048576
[    0.000000] PV qspinlock hash table entries: 256 (order: 0, 4096 bytes)
[    0.000000] Built 1 zonelists in Node order, mobility grouping on.  Total pages: 515960
[    0.000000] Policy zone: DMA32
[    0.000000] Kernel command line: BOOT_IMAGE=/boot/vmlinuz-4.4.0-134-generic root=UID45a6b1fb-f7d5-4101-a678-68457ef12f28 ro console=tty1 console=ttyS0
[    0.000000] PID hash table entries: 4096 (order: 3, 32768 bytes)
[    0.000000] Memory: 2029344K/2096696K available (8554K kernel code, 1314K rwdata, 4004rodata, 1516K init, 1316K bss, 67352K reserved, 0K cma-reserved)
[    0.000000] SLUB: HWalign=64, Order=0-3, MinObjects=0, CPUs=2, Nodes=1
[    0.000000] Kernel/User page tables isolation: enabled
[    0.000000] Hierarchical RCU implemtation.
[    0.000000] 	Build-time adjustment of leaf fanout to 64.
[    0.000000] 	RCU restricting CPUs from NR_CPUS=512 to nr_cpu_ids=2.
[    0.000000] RCU: Adjusting geometry for rcu_fanout_leaf=64, nr_cpu_ids=2
[    0.000000] NR_IRQS:33024 nr_irqs:440 16
[    0.000000] Console: colour VGA+ 80x25
[    0.000000] console [tty1] enabled
[    0.000000] console [ttyS0] enabled
[    0.000000] tsc: Detected 2712.000 MHz processor
[    1.744199] Calibrating delay loop (skipped) preset value.. 5424.00 BogoMIPS (lpj=10848000)
[    1.746946] pid_max: default: 32768 minimum: 301
[    1.748368] ACPI: Core revision 20150930
[    1.750505] ACPI: 2 ACPI AML tables successfully acquired and loaded
[    1.768323] Security Framework initialized
[    1.769979] Yama: becoming mindful.
[    1.771322] AppArmor: AppArmor initialized
[    1.775990] Dentry cache hash table entries: 262144 (order: 9, 2097152 bytes)
[    1.778775] Inode-cache hash table entries: 131072 (order: 8, 1048576 bytes)
[    1.783894] Mount-cache hash table entries: 4096 (order: 3, 32768 bytes)
[    1.786088] Mountpoint-cache hash table entries: 4096 (order: 3, 32768 bytes)
[    1.788829] Initializing cgroup subsys io
[    1.790213] Initializing cgroup subsys memory
[    1.791719] Initializing cgroup subsys devices
[    1.793204] Initializing cgroup subsys freezer
[    1.794747] Initializing cgroup subsys net_cls
[    1.797599] Initializing cgroup subsys perf_event
[    1.803669] Initializing cgroup subsys net_prio
[    1.805050] Initializing cgroup subsys hugetlb
[    1.806493] Initializing cgroup subsys pids
[    1.809032] mce: CPU supports 0 MCE banks
[    1.810143] Last level iTLB entries: 4KB 64, 2MB 8, 4MB 8
[    1.817884] Last level dTLB entries: 4KB 64, 2MB 0, 4MB 0, 1GB 4
[    1.820041] Spectre V2 : Mitigation: Full generic retpoline
[    1.831356] Spectre V2 : Speculation control IBPB not-supported IBRS not-supported
[    1.833767] Spectre V2 : Filling RSB on context switch
[    1.835956] Speculative Store Bypass: Vulnerable
[    1.840693] Freeing SMP alternatives memory: 32K
[    1.852903] ftrace: allocating 32266 entries in 127 pages
[    1.930601] smpboot: APIC(0) Converting physical 0 to logical package 0
[    1.943968] smpboot: Max logical packages: 1
[    1.951383] x2apic enabled
[    1.958480] Switched APIC routing to physical x2apic.
[    1.961770] ..TIMER: vector=0x30 apic1=0 pin1=2 apic2=-1 pin2=-1
[    2.107404] smpboot: CPU0: Intel(R) Core(TM) i7-6820HQ CPU @ 2.70GHz (family: 0x6, model: 0x5e, stepping: 0x3)
[    2.124978] Performance Events: unsupported p6 CPU model 94 no PMU driver, software events only.
[    2.140602] KVM setup paravirtual spinlock
[    2.146125] x86: Booting SMP configuration:
[    2.165164] .... node  #0, CPUs:      #1
[    2.167139] kvm-clock: cpu 1, msr 0:7ffe3041, secondary cpu clock
[    2.181327] mce: CPU supports 0 MCE banks
[    2.184762] x86: Booted up 1 node, 2 CPUs
[    2.192294] smpboot: Total of 2 processors activated (10848.00 BogoMIPS)
[    2.196217] devtmpfs: initialized
[    2.212237] evm: security.selinux
[    2.220305] evm: security.SMACK64
[    2.221788] evm: security.SMACK64EXEC
[    2.223301] evm: security.SMACK64TRANSMUTE
[    2.225665] evm: security.SMACK64MMAP
[    2.228710] evm: security.ima
[    2.229974] evm: security.capability
[    2.237395] clocksource: jiffies: mask: 0xffffffff max_cycles: 0xffffffff, max_idle_ns: 7645041785100000 ns
[    2.240570] futex hash table entries: 512 (order: 3, 32768 bytes)
[    2.242696] pinctrl core: initialized pinctrl subsystem
[    2.244543] RTC time: 13:04:11, date: 10/06/18
[    2.246278] NET: Registered protocol family 16
[    2.259325] cpuidle: using governor ladder
[    2.287795] cpuidle: using governor menu
[    2.289607] PCCT header not found.
[    2.290973] ACPI: bus type PCI registered
[    2.292371] acpiphp: ACPI Hot Plug PCI Controller Driver version: 0.5
[    2.294575] PCI: Using configuration type 1 for base access
[    2.308786] ACPI: Added _OSI(Module Device)
[    2.310310] ACPI: Added _OSI(Processor Device)
[    2.314251] ACPI: Added _OSI(3.0 _SCP Extensions)
[    2.330986] ACPI: Added _OSI(Processor Aggregator Device)
[    2.336952] ACPI: Executed 1 blocks of module-level executable AML code
[    2.344471] ACPI: Interpreter enabled
[    2.346259] ACPI: (supports S0 S5)
[    2.353931] ACPI: Using IOAPIC for interrupt routing
[    2.356250] PCI: Using host bridge windows from ACPI; if necessary, use "pci=nocrs" and report a bug
[    2.369584] ACPI: PCI Root Bridge [PCI0] (domain 0000 [bus 00-ff])
[    2.391046] acpi PNP0A03:00: _OSC: OS supports [ASPM ClockPM Segments MSI]
[    2.393621] acpi PNP0A03:00: _OSC: not requesting OS control; OS requires [ExtendedConfig ASPM ClockPM MSI]
[    2.397650] acpi PNP0A03:00: fail to add MMCONFIG information, can't access extended PCI configuration space under this bridge.
[    2.421907] PCI host bridge to bus 0000:00
[    2.437471] pci_bus 0000:00: root bus resource [io  0x0000-0x0cf7 window]
[    2.440351] pci_bus 0000:00: root bus resource [io  0x0d00-0xffff window]
[    2.450512] pci_bus 0000:00: root bus resource [mem 0x000a0000-0x000bffff window]
[    2.462010] pci_bus 0000:00: root bus resource [mem 0x80000000-0xfdffffff window]
[    2.477647] pci_bus 0000:00: root bus resource [bus 00-ff]
[    2.501586] pci 0000:00:01.1: legacy IDE quirk: reg 0x10: [io  0x01f0-0x01f7]
[    2.520836] pci 0000:00:01.1: legacy IDE quirk: reg 0x14: [io  0x03f6]
[    2.523434] pci 0000:00:01.1: legacy IDE quirk: reg 0x18: [io  0x0170-0x0177]
[    2.526042] pci 0000:00:01.1: legacy IDE quirk: reg 0x1c: [io  0x0376]
[    2.568186] pci 0000:00:07.0: quirk: [io  0x4000-0x403f] claimed by PIIX4 ACPI
[    2.586538] pci 0000:00:07.0: quirk: [io  0x4100-0x410f] claimed by PIIX4 SMB
[    2.609095] ACPI: PCI Interrupt Link [LNKA] (IRQs 5 9 10 *11)
[    2.618706] ACPI: PCI Interrupt Link [LNKB] (IRQs 5 9 *10 11)
[    2.624588] ACPI: PCI Interrupt Link [LNKC] (IRQs 5 *9 10 11)
[    2.627055] ACPI: PCI Interrupt Link [LNKD] (IRQs 5 9 10 *11)
[    2.632135] ACPI: Enabled 2 GPEs in block 00 to 07
[    2.634293] vgaarb: setting as boot device: PCI:0000:00:02.0
[    2.636094] vgaarb: device added: PCI:0000:00:02.0,decodes=io+mem,owns=io+mem,locks=none
[    2.639087] vgaarb: loaded
[    2.640244] vgaarb: bridge control possible 0000:00:02.0
[    2.642465] SCSI subsystem initialized
[    2.644023] ACPI: bus type USB registered
[    2.645526] usbcore: registered new interface driver usbfs
[    2.647794] usbcore: registered new interface driver hub
[    2.649564] usbcore: registered new device driver usb
[    2.651703] PCI: Using ACPI for IRQ routing
[    2.653982] NetLabel: Initializing
[    2.655338] NetLabel:  domain hash size = 128
[    2.656896] NetLabel:  protocols = UNLABELED CIPSOv4
[    2.658605] NetLabel:  unlabeled traffic allowed by default
[    2.665353] amd_nb: Cannot enumerate AMD northbridges
[    2.667137] clocksource: Switched to clocksource kvm-clock
[    2.683381] AppArmor: AppArmor Filesystem Enabled
[    2.685326] pnp: PnP ACPI init
[    2879] pnp: P ACPI: found 3 devices

[    2.862415] clocource: acpi_pm: mask: 0xffffff max_cycles: 0xfffff, max_idle_ns: 2085701024 ns
[    2.950950NET: Registered protocol family 2

[    3.011204] TCP established hash table entries: 16384 (order: 5, 131072 bytes)
[    3.020539] TCP bind hash table entries: 16384 (order: 6, 262144 bytes)
[    3.023285] TCP: Hash tables conigured (stablished 16384 bind 16384)
[    3.082739] UDP hash table entries: 1024 (order: 3, 32768 bytes)
[    3.085171] UDP-Lite hash table entries: 1024 (order: 3, 32768 bytes)
[    3.087666] NET: Registered protocol family 1
[    3.089609] pci 0000:00:00.0: Limiting direct PCI/PCI transfers
[    3.092162] pci 0000:00:01.0Activatig ISA DA hang workarounds[    3.260995] Unpacking initramfs...

[    3.618290] Freeing initrd memory: 15364K
[    3.621531] platform rtc_cmos: registered platform RTC device (no PNP device found)
[    3.625242] Scanning for low memory corruption every 60 seconds
[    3.631626] audit: initializing netlink subsys (disabled)
[    3.633905] audit: type=2000 audit(1538831058.350:1): initialized
[    3.636815] Initialise system trusted keyring
[    3.638765] HugeTLB registered 2 MB page size, pre-allocated 0 pages
[    3.643444] zbud: loaded
[    3.645352] VFS: Disk quotas dquot_6.6.0
[    3.647248] VFS: Dquot-cache hash table entries: 512 (order 0, 4096 bytes)
[    3.650520] squashfs: version 4.0 (2009/01/31) Phillip Lougher
[    3.653417] fuse init (API version 7.23)
[    3.655533] Key type big_key registered
[    3.657126] Allocating IMA MOK and blacklist keyrings.
[    3.664268] Key type asymmetric registered
[    3.666068] Asymmetric key parser 'x509' registered
[    3.669196] Block layer SCSI generic (bsg) driver version 0.4 loaded (major 249)
[    3.672890] io scheduler noop registered
[    3.675035] io scheduler deadline registered (default)
[    3.686405] io scheduler cfq registered
[    3.705387] pci_hotplug: PCI Hot Plug PCI Core version: 0.5
[    3.713250] pciehp: PCI Express Hot Plug Controller Driver version: 0.4
[    3.718929] ACPI: AC Adapter [AC] (on-line)
[    3.722197] input: Power Button as /devices/LNXSYSTM:00/LNXPWRBN:00/input/input0
[    3.726050] ACPI: Power Button [PWRF]
[    3.729038] input: Sleep Button as /devices/LNXSYSTM:00/LNXSLPBN:00/input/input1
[    3.734718] ACPI: Sleep Button [SLPF]
[    3.738605] ACPI: Battery Slot [BAT0] (battery present)
[    3.741343] GHES: HEST is not enabled!
[    3.801561] Serial: 8250/16550 driver, 32 ports, IRQ sharing enabled
ÿ[    3.958313] 00:02: ttyS0 at I/O 0x3f8 (irq = 4, base_baud = 115200) is a 16550A
[    4.001508] Linux agpgart interface v0.103
[    4.006388] loop: module loaded
[    4.021625] scsi host0: ata_piix
[    4.023311] scsi host1: ata_piix
[    4.036972] ata1: PATA max UDMA/33 cmd 0x1f0 ctl 0x3f6 bmdma 0xd000 irq 14
[    4.039697] ata2: PATA max UDMA/33 cmd 0x170 ctl 0x376 bmdma 0xd008 irq 15
[    4.042567] libphy: Fixed MDIO Bus: probed
[    4.044675] tun: Universal TUN/TAP device driver, 1.6
[    4.051215] tun: (C) 1999-2004 Max Krasnyansky <maxk@qualcomm.com>
[    4.053276] PPP generic driver version 2.4.2
[    4.054646] ehci_hcd: USB 2.0 'Enhanced' Host Controller (EHCI) Driver
[    4.057287] ehci-pci: EHCI PCI platform driver
[    4.064374] ehci-platform: EHCI generic platform driver
[    4.066237] ohci_hcd: USB 1.1 'Open' Host Controller (OHCI) Driver
[    4.069285] ohci-pci: OHCI PCI platform driver
[    4.071309] ohci-platform: OHCI generic platform driver
[    4.073652] uhci_hcd: USB Universal Host Controller Interface driver
[    4.078217] i8042: PNP: PS/2 Controller [PNP0303:PS2K,PNP0f03:PS2M] at 0x60,0x64 irq 1,12
[    4.082464] serio: i8042 KBD port at 0x60,0x64 irq 1
[    4.084513] serio: i8042 AUX port at 0x60,0x64 irq 12
[    4.086797] mousedev: PS/2 mouse device common for all mice
[    4.103690] input: AT Translated Set 2 keyboard as /devices/platform/i8042/serio0/input/input2
[    4.107314] rtc_cmos rtc_cmos: rtc core: registered rtc_cmos as rtc0
[    4.109853] rtc_cmos rtc_cmos: alarms up to one day, 114 bytes nvram
[    4.112546] i2c /dev entries driver
[    4.114150] device-mapper: uevent: version 1.0.3
[    4.116273] device-mapper: ioctl: 4.34.0-ioctl (2015-10-28) initialised: dm-devel@redhat.com
[    4.119647] ledtrig-cpu: registered to indicate activity on CPUs
[    4.122870] NET: Registered protocol family 10
[    4.125168] NET: Registered protocol family 17
[    4.127212] Key type dns_resolver registered
[    4.129565] registered taskstats version 1
[    4.131385] Loading compiled-in X.509 certificates
[    4.147874] Loaded X.509 cert 'Build time autogenerated kernel key: 4eb3d024ac16f76c1747ffd474694c84db21038b'
[    4.151795] zswap: loaded using pool lzo/zbud
[    4.158237] Key type trusted registered
[    4.163909] Key type encrypted registered
[    4.165998] AppArmor: AppArmor sha1 policy hashing enabled
[    4.169014] ima: No TPM chip found, activating TPM-bypass!
[    4.171474] ima: Allocated hash algorithm: sha1
[    4.175668] evm: HMAC attrs: 0x1
[    4.177973]   Magic number: 6:366:78
[    4.184621] rtc_cmos rtc_cmos: setting system clock to 2018-10-06 13:04:13 UTC (1538831053)
[    4.188655] BIOS EDD facility v0.16 2004-Jun-25, 0 devices found
[    4.191193] EDD information not available.
[    4.200885] Freeing unused kernel memory: 1516K
[    4.210050] Write protecting the kernel read-only data: 14336k
[    4.218459] Freeing unused kernel memory: 1672K
[    4.220381] Freeing unused kernel memory: 92K
Loading, please [    4.240087] random: systemd-udevd: uninitialized urandom read (16 bytes read, 3 bits of entropy available)
wait...
starting version 229
[    4.240903] random: udevadm: uninitialized urandom read (16 bytes read, 3 bits of entropy available)
[    4.240926] random: udevadm: uninitialized urandom read (16 bytes read, 3 bits of entropy available)
[    4.253966] random: udevadm: uninitialized urandom read (16 bytes read, 3 bits of entropy available)
[    4.254027] random: udevadm: uninitialized urandom read (16 bytes read, 3 bits of entropy available)
[    4.254254] random: udevadm: uninitialized urandom read (16 bytes read, 3 bits of entropy available)
[    4.254330] random: udevadm: uninitialized urandom read (16 bytes read, 3 bits of entropy available)
[    4.254402] random: udevadm: uninitialized urandom read (16 bytes read, 3 bits of entropy available)
[    4.254473] random: udevadm: uninitialized urandom read (16 bytes read, 3 bits of entropy available)
[    4.254543] random: udevadm: uninitialized urandom read (16 bytes read, 3 bits of entropy available)
[    4.391506] e1000: Intel(R) PRO/1000 Network Driver - version 7.3.21-k8-NAPI
[    4.401809] e1000: Copyright (c) 1999-2006 Intel Corporation.
[    4.431503] Fusion MPT base driver 3.04.20
[    4.433223] Copyright (c) 1999-2008 LSI Corporation
[    4.450771] Fusion MPT SPI Host driver 3.04.20
[    4.482460] AVX2 version of gcm_enc/dec engaged.
[    4.484879] AES CTR mode by8 optimization enabled
[    4.619336] tsc: Refined TSC clocksource calibration: 2711.841 MHz
[    4.624841] clocksource: tsc: mask: 0xffffffffffffffff max_cycles: 0x2716f035f52, max_idle_ns: 440795305982 ns
[    4.633295] input: ImExPS/2 Generic Explorer Mouse as /devices/platform/i8042/serio1/input/input4
[    4.936093] e1000 0000:00:03.0 eth0: (PCI:33MHz:32-bit) 02:c5:fa:e6:4f:6d
[    4.977532] e1000 0000:00:03.0 eth0: Intel(R) PRO/1000 Network Connection
[    5.456947] e1000 0000:00:08.0 eth1: (PCI:33MHz:32-bit) 08:00:27:1b:cd:6e
[    5.475255] e1000 0000:00:08.0 eth1: Intel(R) PRO/1000 Network Connection
[    5.497427] mptbase: ioc0: Initiating bringup
[    5.498231] e1000 0000:00:08.0 enp0s8: renamed from eth1
[    5.568591] e1000 0000:00:03.0 enp0s3: renamed from eth0
[    5.627668] ioc0: LSI53C1030 A0: Capabilities={Initiator}
[    5.797927] scsi host2: ioc0: LSI53C1030 A0, FwRev=00000000h, Ports=1, MaxQ=256, IRQ=20
[    5.912634] scsi 2:0:0:0: Direct-Access     VBOX     HARDDISK         1.0  PQ: 0 ANSI: 5
[    5.926371] scsi target2:0:0: Beginning Domain Validation
[    5.931490] scsi target2:0:0: Domain Validation skipping write tests
[    5.944465] scsi target2:0:0: Ending Domain Validation
[    5.946607] scsi target2:0:0: asynchronous
[    5.954340] scsi 2:0:1:0: Direct-Access     VBOX     HARDDISK         1.0  PQ: 0 ANSI: 5
[    6.020163] scsi target2:0:1: Beginning Domain Validation
[    6.023830] scsi target2:0:1: Domain Validation skipping write tests
[    6.026216] scsi target2:0:1: Ending Domain Validation
[    6.364415] scsi target2:0:1: asynchronous
[    6.446576] sd 2:0:0:0: Attached scsi generic sg0 type 0
[    6.463852] sd 2:0:0:0: [sda] 41943040 512-byte logical blocks: (21.5 GB/20.0 GiB)
[    6.464036] sd 2:0:1:0: Attached scsi generic sg1 type 0
[    6.464488] sd 2:0:1:0: [sdb] 20480 512-byte logical blocks: (10.5 MB/10.0 MiB)
[    6.464738] sd 2:0:1:0: [sdb] Write Protect is off
[    6.464969] sd 2:0:1:0: [sdb] Incomplete mode parameter data
[    6.464970] sd 2:0:1:0: [sdb] Assuming drive cache: write through
[    6.467941] sd 2:0:1:0: [sdb] Attached SCSI disk
[    6.530591] sd 2:0:0:0: [sda] Write Protect is off
[    6.552495] sd 2:0:0:0: [sda] Incomplete mode parameter data
[    6.554689] sd 2:0:0:0: [sda] Assuming drive cache: write through
[    6.572787]  sda: sda1
[    6.578960] sd 2:0:0:0: [sda] Attached SCSI disk
Begin: Loading essential drivers ... [    8.130398] md: linear personality registered for level -1
[    8.144171] md: multipath personality registered for level -4
[    8.161167] md: raid0 personality registered for level 0
[    8.170776] md: raid1 personality registered for level 1
[    8.267432] raid6: sse2x1   gen()  4939 MB/s
[    8.351190] raid6: sse2x1   xor()  4499 MB/s
[    8.419569] raid6: sse2x2   gen()  7283 MB/s
[    8.495469] raid6: sse2x2   xor()  4901 MB/s
[    8.571472] raid6: sse2x4   gen()  7527 MB/s
[    8.639474] raid6: sse2x4   xor()  5601 MB/s
[    8.715175] raid6: avx2x1   gen() 11394 MB/s
[    8.787405] raid6: avx2x2   gen() 12393 MB/s
[    8.859693] raid6: avx2x4   gen() 13281 MB/s
[    8.861813] raid6: using algorithm avx2x4 gen() 13281 MB/s
[    8.878562] raid6: using avx2x2 recovery algorithm
[    8.884763] xor: automatically using best checksumming function:
[    8.931777]    avx       : 13380.000 MB/sec
[    8.948012] async_tx: api initialized (async)
[    8.964797] md: raid6 personality registered for level 6
[    8.967879] md: raid5 personality registered for level 5
[    8.984644] md: raid4 personality registered for level 4
[    9.002204] md: raid10 personality registered for level 10
done.
Begin: Running /scripts/init-premount ... done.
Begin: Mounting root file system ... Begin: Running /scripts/local-top ... done.
Begin: Running /scripts/local-premount ... [    9.084689] Btrfs loaded
Scanning for Btrfs filesystems
done.
Warning: fsck not present, so skipping root file system
[    9.142115] EXT4-fs (sda1): INFO: recovery required on readonly filesystem
[    9.144712] EXT4-fs (sda1): write access will be enabled during recovery
[    9.310101] EXT4-fs (sda1): orphan cleanup on readonly fs
[    9.635563] EXT4-fs (sda1): 7 orphan inodes deleted
[    9.642043] EXT4-fs (sda1): recovery complete
[    9.647889] EXT4-fs (sda1): mounted filesystem with ordered data mode. Opts: (null)
done.
Begin: Running /scripts/local-bottom ... done.
Begin: Running /scripts/init-bottom ... done.
[    9.833663] systemd[1]: systemd 229 running in system mode. (+PAM +AUDIT +SELINUX +IMA +APPARMOR +SMACK +SYSVINIT +UTMP +LIBCRYPTSETUP +GCRYPT +GNUTLS +ACL +XZ -LZ4 +SECCOMP +BLKID +ELFUTILS +KMOD -IDN)
[    9.844991] systemd[1]: Detected virtualization oracle.
[    9.847269] systemd[1]: Detected architecture x86-64.

Welcome to [1mUbuntu 16.04.4 LTS[0m!

[    9.872394] systemd[1]: Set hostname to <mcc-03>.
[    9.964014] random: nonblocking pool is initialized
[   10.111852] systemd[: Reached target Swap.

[[0;32m  OK  [0m] Reached target Swap.
[   10.175429] systemd[1]: Listening on /v/initctl Comatibility Named Pip.
[[0;32m  OK  [0m] Listening on /dev/initctl Compatibility Named Pipe.
[   10.30419] systemd[1]: Created slice User and Session Slice.
[[0;32m  OK  [0m] Created slice User and Session Slice.
[   10.340021] systemd[1]: Listening on Journal Audit Socket.
[[0;32m  OK  [0m] Listening on Journal Audit Socket.
[   10.366928] system[1]: Listening on Syslog Socket.
[[0;32m  OK  [0m] Listening on Syslog Socket.
[   10.414205] ystemd[1]: Listeni on LVM2 oll daemon socket.
[[0;32m  OK  [0m] Listening on LVM2 poll daemon socket.
[   10.550486] systemd[1]: Created slice System Slice.
[[0;32m  OK  [0m] Created slice System Slice.
[   10.556191] system1]: Created slice system-serial\x2dgetty.slice.
[[0;32m  OK  [0m] Created slice system-serial\x2dgetty.slice.
[   10.634230] systemd[1]: Started Forward Password Requests to Wall Directory Watch.
[[0;32m  OK  [0m] Started Forward Password Requests to Wall Directory Watch.
[   10.643796] systemd[1]: Listening on udev Kernel Socket.
[[0;32m  OK  [0m] Listening on udev Kernel Socket.
[   10.649570] systemd[1]: Listening on Device-mapper event daemon FIFOs.
[[0;32m  OK  [0m] Listening on Device-mapper event daemon FIFOs.
[   10.655274] sysemd[1]: Listening on udev Control Socket.
[[0;32m  OK  [0m] Listening on udev Control Socket.
[   10.686792] systemd[1]: Set up automount Arbitrary Executable File Formats File System Automount Point.
[[0;32m  OK  [0m] Set up automount Arbitrary Executab...ats File System Automount Point.
[   10.694654] systemd[1]: Listening on Journal Socket.
[[0;32m  OK  [0m] Listening on Journal Socket.

[   10.711881] systemd[1]: Mounting POSIX Message Queue File System...
         Mounting POSIX Message Queue File System...
[   10.717926] systemd[1]: Starting Create list of required static device nodes for the current kernel...
         Starting Create list of required st... nodes for the current kernel...
[   10.734384] systemd[1]: Mounting Debug File System...
         Mounting Debug File System...
[   10.742076] systemd[1]: Starting Nameserver information manager...
         Starting Nameserver information manager...
[   10.748576] systemd[1]: Mounting Huge Pages File System...
         Mounting Huge Pages File System...
[   10.754155] systemd[1]: Reached target Encrypted Volumes.
[[0;32m  OK  [0m] Reached target Encrypted Volumes.
[   10.776595] systemd[1]: Reached target Slices.
[[0;32m  OK  [0m] Reached target Slices.
[   10.795445] systemd[1]: Starting Remount Root and Kernel File Systems...
         Starting Remount Root and Kernel File Systems...
[   10.803540] EXT4-fs (sda1): re-mounted. Opts: (null)
[   10.803656] systemd[1]: Listening on Journal Socket (/dev/log).
[[0;32m  OK  [0m] Listening on Journal Socket (/dev/log).
[   10.821699] systemd[1]: Starting Journal Service...
         Starting Journal Service...
[   10.829023] systemd[1]: Starting Uncomplicated firewall...
         Starting Uncomplicated firewall...
[   10.847704] systemd[1]: Reached target System Time Synchronized.
[[0;32m  OK  [0m] Reached target System Time Synchronized.
[   10.866934] systemd[1]: Listening on LVM2 metadata daemon socket.
[[0;32m  OK  [0m] Listening on LVM2 metadata daemon socket.
[   10.911696] systemd[1]: Starting Monitoring of LVM2 mirrors, snapshots etc. using dmeventd or progress polling...
         Starting Monitoring of LVM2 mirrors... dmeventd or progress polling...
[   10.973020] systemd[1]: Reached target User and Group Name Lookups.
[[0;32m  OK  [0m] Reached target User and Group Name Lookups.
[   11.015885] systemd[1]: Starting Set console keymap...
         Starting Set console keymap...
[   11.030608] systemd[1]: Starting Load Kernel Modules...
         Starting Load Kernel Modules...
[   11.036048] systemd[1]: Started Trigger resolvconf update for networkd DNS.
[[0;32m  OK  [0m] Started Trigger resolvconf update for networkd DNS.
[   11.058549] systemd[1]: Mounted POSIX Message Queue File System.
[   11.061083] Loading iSCSI transport class v2.0-870.
[[0;32m  OK  [0m] Mounted POSIX Message Queue File System.
[   11.075394] systemd[1]: Mounted Huge Pages File System.
[[0;32m  OK  [0m] Mounted Huge Pages File System.
[   11.087499] systemd[1]: Mounted Debug File System.
[[0;32m  OK  [0m] Mounted Debug File System.
[   11.116311] iscsi: registered transport (tcp)
[   11.116467] systemd[1]: Started Journal Service.
[[0;32m  OK  [0m] Started Journal Service.
[[0;32m  OK  [0m] Started Create list of required sta...ce nodes for the current kernel.
[[0;32m  OK  [0m] Started Remount Root and Ker[   11.157799] iscsi: registered transport (iser)
nel File Systems.
[[0;32m  OK  [0m] Started Uncomplicated firewall.
[[0;32m  OK  [0m] Started Set console keymap.
[[0;32m  OK  [0m] Started Load Kernel Modules.
[[0;32m  OK  [0m] Started Nameserver information manager.
[[0;32m  OK  [0m] Started LVM2 metadata daemon.
         Mounting FUSE Control File System...
         Starting Apply Kernel Variables...
         Starting udev Coldplug all Devices...
         Starting Load/Save Random Seed...
         Starting Create Static Device Nodes in /dev...
         Starting Flush Journal to Persistent Storage...
[[0;32m  OK  [0m] Mounted FUSE Control File System.
[[0;32m  OK  [0m] Started Load/Save Random Seed.
[[0;32m  OK  [0m] Started Apply Kernel Variables.
[[0;32m  OK  [0m] Started Create Static Device Nodes in /dev.
[[0;32m  OK  [0m] Started Flush Journal to Persistent Storage.
         Starting udev Kernel Device Manager...
[[0;32m  OK  [0m] Started Monitoring of LVM2 mirrors,...ng dmeventd or progress polling.
[[0;32m  OK  [0m] Started udev Coldplug all Devices.
[[0;32m  OK  [0m] Started udev Kernel Device Manager.
[[0;32m  OK  [0m] Started Dispatch Password Requests to Console Directory Watch.
[[0;32m  OK  [0m] Reached target Local File Systems (Pre).
[[0;32m  OK  [0m] Reached target Local File Systems.
         Starting LSB: AppArmor initialization...
         Starting Create Volatile Files and Directories...
         Starting Initial cloud-init job (pre-networking)...
         Starting Set console font and keymap...
         Starting Tell Plymouth To Write Out Runtime Data...
[[0;32m  OK  [0m] Started Create Volatile Files and Directories.
[[0;32m  OK  [0m] Started Tell Plymouth To Write Out Runtime Data.
         Starting Update UTMP about System Boot/Shutdown...
[[0;32m  OK  [0m] Started Update UTMP about System Boot/Shutdown.
[[0;32m  OK  [0m] Started LSB: AppArmor initialization.
[[0;32m  OK  [0m] Found device /dev/ttyS0.
[[0;32m  OK  [0m] Listening on Load/Save RF Kill Switch Status /dev/rfkill Watch.
[[0;32m  OK  [0m] Found device 82540EM Gigabit Ethern...r (PRO/1000 MT Desktop Adapter).
[[0;32m  OK  [0m] Found device 82540EM Gigabit Ethern...r (PRO/1000 MT Desktop Adapter).
[[0;32m  OK  [0m] Started Set console font and keymap.
[   10.453328] cloud-init[484]: Cloud-init v. 18.2 running 'init-local' at Sat, 06 Oct 2018 13:04:21 +0000. Up 10.15 seconds.
[[0;32m  OK  [0m] Started Initial cloud-init job (pre-networking).
[[0;32m  OK  [0m] Reached target Network (Pre).
[[0;32m  OK  [0m] Started ifup for enp0s8.
[[0;32m  OK  [0m] Started ifup for enp0s3.
         Starting Raise network interfaces...
[[0;32m  OK  [0m] Created slice system-getty.slice.
[[0;32m  OK  [0m] Started Raise network interfaces.
[[0;32m  OK  [0m] Reached target Network.
         Starting Initial cloud-init job (metadata service crawler)...
[   11.977880] cloud-init[1336]: Cloud-init v. 18.2 running 'init' at Sat, 06 Oct 2018 13:04:22 +0000. Up 11.49 seconds.
[   12.005071] cloud-init[1336]: ci-info: ++++++++++++++++++++++++++++++++++++++Net device info++++++++++++++++++++++++++++++++++++++
[   12.030098] cloud-init[1336]: ci-info: +--------+------+-----------------------------+---------------+-------+-------------------+
[   12.074392] cloud-init[1336]: ci-info: | Device |  Up  |           Address           |      Mask     | Scope |     Hw-Address    |
[   12.133101] cloud-init[1336]: ci-info: +--------+------+-----------------------------+---------------+-------+-------------------+
[   12.133823] cloud-init[1336]: ci-info: | enp0s3 | True |          10.0.2.15          | 255.255.255.0 |   .   | 02:c5:fa:e6:4f:6d |
[[0;32m  OK  [0m] Started Initial cloud-init job (metadata service crawler).
[   12.135099] cloud-init[1336]: ci-info: | enp0s3 | True |  fe80::c5:faff:fee6:4f6d/64 |       .       |  link | 02:c5:fa:e6:4f:6d |
[   12.241777] cloud-init[1336]: ci-info: | enp0s8 | True |         172.17.8.13         | 255.255.255.0 |   .   | 08:00:27:1b:cd:6e |
[   12.242564] cloud-init[1336]: ci-info: | enp0s8 | True | fe80::a00:27ff:fe1b:cd6e/64 |       .       |  link | 08:00:27:1b:cd:6e |
[[0;32m  OK  [0m] Reached target Network is Online.
[   12.242880] cloud-init[1336]: ci-info: |   lo   | True |          127.0.0.1          |   255.0.0.0   |   .   |         .         |
[   12.330174] cloud-init[1336]: ci-info: |   lo   | True |           ::1/128           |       .       |  host |         .         |
[   12.358371] cloud-init[1336]: ci-info: +--------+------+-----------------------------+---------------+-------+-------------------+
[   12.358992] cloud-init[1336]: ci-info: +++++++++++++++++++++++++++Route IPv4 info++++++++++++++++++++++++++++
         Starting iSCSI initiator daemon (iscsid)...
[   12.359413] cloud-init[1336]: ci-info: +-------+-------------+----------+---------------+-----------+-------+
[   12.396848] cloud-init[1336]: ci-info: | Route | Destination | Gateway  |    Genmask    | Interface | Flags |
[   12.397453] cloud-init[1336]: ci-info: +-------+-------------+----------+---------------+-----------+-------+
[   12.397783] cloud-init[1336]: ci-info: |   0   |   0.0.0.0   | 10.0.2.2 |    0.0.0.0    |   enp0s3  |   UG  |
[   12.398121] cloud-init[1336]: ci-info: |   1   |   10.0.2.0  | 0.0.0.0  | 255.255.255.0 |   enp0s3  |   U   |
[   12.398467] cloud-init[1336]: ci-info: |   2   |  172.17.8.0 | 0.0.0.0  | 255.255.255.0 |   enp0s8  |   U   |
[   12.398810] cloud-init[1336]: ci-info: +-------+-------------+----------+---------------+-----------+-------+
[[0;32m  OK  [0m] Reached target Cloud-config availability.
[[0;32m  OK  [0m] Reached target System Initialization.
[[0;32m  OK  [0m] Listening on D-Bus System Message Bus Socket.
[[0;32m  OK  [0m] Started Daily Cleanup of Temporary Directories.
         Starting Docker Socket for the API.
[[0;32m  OK  [0m] Started Daily apt download activities.
[[0;32m  OK  [0m] Started Daily apt upgrade and clean activities.
[[0;32m  OK  [0m] Reached target Timers.
         Starting Socket activation for snappy daemon.
[[0;32m  OK  [0m] Started ACPI Events Check.
[[0;32m  OK  [0m] Reached target Paths.
         Starting LXD - unix socket.
[[0;32m  OK  [0m] Listening on UUID daemon activation socket.
[[0;32m  OK  [0m] Listening on ACPID Listen Socket.
[[0;32m  OK  [0m] Listening on Docker Socket for the API.
[[0;32m  OK  [0m] Listening on Socket activation for snappy daemon.
[[0;32m  OK  [0m] Listening on LXD - unix socket.
[[0;32m  OK  [0m] Started iSCSI initiator daemon (iscsid).
         Starting Login to default iSCSI targets...
[[0;32m  OK  [0m] Reached target Sockets.
[[0;32m  OK  [0m] Reached target Basic System.
[[0;32m  OK  [0m] Started D-Bus System Message Bus.
         Starting Virtualbox guest utils...
         Starting LSB: MD monitoring daemon...
[[0;32m  OK  [0m] Started Unattended Upgrades Shutdown.
[[0;32m  OK  [0m] Started Regular background program processing daemon.
         Starting /etc/rc.local Compatibility...
         Starting OpenBSD Secure Shell server...
         Starting System Logging Service...
         Starting Apply the settings specified in cloud-config...
         Starting Snappy daemon...
         Starting Login Service...
[[0;32m  OK  [0m] Started Deferred execution scheduler.
         Starting LSB: Record successful boot for GRUB...
         Starting LXD - container startup/shutdown...
         Starting Accounts Service...
[[0;32m  OK  [0m] Started ACPI event daemon.
         Starting Ubuntu FAN network setup...
[[0;32m  OK  [0m] Started FUSE filesystem for LXC.
         Starting Docker Application Container Engine...
[[0;32m  OK  [0m] Started System Logging Service.
[[0;32m  OK  [0m] Started OpenBSD Secure Shell server.
[[0;32m  OK  [0m] Started /etc/rc.local Compatibility.
[[0;32m  OK  [0m] Started Ubuntu FAN network setup.
[[0;32m  OK  [0m] Started Login to default iSCSI targets.
[[0;32m  OK  [0m] Started LXD - container startup/shutdown.
[[0;32m  OK  [0m] Started Snappy daemon.
[[0;32m  OK  [0m] Started LSB: MD monitoring daemon.
[[0;32m  OK  [0m] Started LSB: Record successful boot for GRUB.
[[0;32m  OK  [0m] Started Virtualbox guest utils.
[[0;32m  OK  [0m] Started Login Service.
         Starting Authenticate and Authorize Users to Run Privileged Tasks...
         Starting Wait until snapd is fully seeded...
[[0;32m  OK  [0m] Reached target Remote File Systems (Pre).
[[0;32m  OK  [0m] Reached target Remote File Systems.
         Starting LSB: Set up cgroupfs mounts....
         Starting LSB: Set the CPU Frequency Scaling governor to "ondemand"...
         Starting Permit User Sessions...
         Starting LSB: daemon to balance interrupts for SMP systems...
         Starting LSB: automatic crash report generation...
[[0;32m  OK  [0m] Started LSB: Set up cgroupfs mounts..
[[0;32m  OK  [0m] Started Wait until snapd is fully seeded.
[[0;32m  OK  [0m] Started Permit User Sessions.
[[0;32m  OK  [0m] Started Authenticate and Authorize Users to Run Privileged Tasks.
[[0;32m  OK  [0m] Started Accounts Service.
[[0;32m  OK  [0m] Started LSB: Set the CPU Frequency Scaling governor to "ondemand".
         Starting Hold until boot process finishes up...
         Starting Terminate Plymouth Boot Screen...
[[0;32m  OK  [0m] Started LSB: daemon to balance interrupts for SMP systems.
[[0;32m  OK  [0m] Started LSB: automatic crash report generation.
[[0;32m  OK  [0m] Started Hold until boot process finishes up.
[[0;32m  OK  [0m] Started Terminate Plymouth Boot Screen.
[[0;32m  OK  [0m] Started Serial Getty on ttyS0.
         Starting Set console scheme...
[[0;32m  OK  [0m] Started Getty on tty1.
[[0;32m  OK  [0m] Reached target Login Prompts.
[[0;32m  OK  [0m] Started Set console scheme.
[   13.807893] cloud-init[1418]: Cloud-init v. 18.2 running 'modules:config' at Sat, 06 Oct 2018 13:04:25 +0000. Up 13.61 seconds.
[[0;32m  OK  [0m] Started Apply the settings specified in cloud-config.
[[0;32m  OK  [0m] Created slice User Slice of vagrant.
         Starting User Manager for UID 1000...
[[0;32m  OK  [0m] Started Session 1 of user vagrant.
[[0;32m  OK  [0m] Started User Manager for UID 1000.

Ubuntu 16.04.4 LTS mcc-03 ttyS0

mcc-03 login: [   23.924196] cloud-init[4340]: Cloud-init v. 18.2 running 'modules:final' at Sat, 06 Oct 2018 13:04:35 +0000. Up 23.57 seconds.
[   23.925138] cloud-init[4340]: Cloud-init v. 18.2 finished at Sat, 06 Oct 2018 13:04:35 +0000. Datasource DataSourceNoCloud [seed=/dev/sdb][dsmode=net].  Up 23.90 seconds
[[0;32m  OK  [0m] Started ACPI event daemon.
[[0;32m  OK  [0m] Started ACPI event daemon.
[[0;32m  OK  [0m] Started ACPI event daemon.
[[0;32m  OK  [0m] Started Daily apt upgrade and clean activities.
Slice of vagrant.
[[0;32m  OK  [0m] Started ACPI event daemon.
[[0;32m  OK  [0m] Started ACPI event daemon.
[[0;32m  OK  [0m] Started Daily apt upgrade and clean activities.
